2026-06-14 18:27:46.488  5527-5527  libc                    com.example.voicenavigation          I  debug pid reuse, real pid 5527
2026-06-14 18:27:46.490  2090-3031  TransitionChain         system_server                        E  Mismatch between current collecting (TransitionRecord{9fa9964 id=13357 type=OPEN flags=0x0 c=[
                                                                                                       ChangeInfo{95db0fc container=ActivityRecord{29882317 u0 com.example.voicenavigation/.VisionTestActivity t33672 f}} flags=0x0}
                                                                                                       ChangeInfo{7b95385 container=Display{#0 state=ON size=1220x2712 ROTATION_0} flags=0x0}
                                                                                                       ChangeInfo{f3945da container=DefaultTaskDisplayArea@104208389 flags=0x0}
                                                                                                       ChangeInfo{f6810df container=Task{7a8f28b #2 type=home I=com.miui.home/.launcher.Launcher} flags=0x0}
                                                                                                       ChangeInfo{60f8be7 container=ActivityRecord{131393602 u0 com.example.voicenavigation/.MainActivity t33672 f}} flags=0x0}
                                                                                                       ChangeInfo{f475a0b container=OneHanded:0:14@163885161 flags=0x0}
                                                                                                       ChangeInfo{fed512c container=Task{a46750b #1 type=home} flags=0x0}
                                                                                                       ChangeInfo{e52e0e8 container=Task{bab0d90 #33672 type=standard A=10308:com.example.voicenavigation} flags=0x0}
                                                                                                       ChangeInfo{acf27f5 container=ActivityRecord{201666433 u0 com.miui.home/.launcher.Launcher t2} flags=0x0}
                                                                                                    ]
                                                                                                    }) and chain (TransitionRecord{9fa9964 id=13357 type=OPEN flags=0x0 c=[
                                                                                                       ChangeInfo{95db0fc container=ActivityRecord{29882317 u0 com.example.voicenavigation/.VisionTestActivity t33672 f}} flags=0x0}
                                                                                                       ChangeInfo{7b95385 container=Display{#0 state=ON size=1220x2712 ROTATION_0} flags=0x0}
                                                                                                       ChangeInfo{f3945da container=DefaultTaskDisplayArea@104208389 flags=0x0}
                                                                                                       ChangeInfo{f6810df container=Task{7a8f28b #2 type=home I=com.miui.home/.launcher.Launcher} flags=0x0}
                                                                                                       ChangeInfo{60f8be7 container=ActivityRecord{131393602 u0 com.example.voicenavigation/.MainActivity t33672 f}} flags=0x0}
                                                                                                       ChangeInfo{f475a0b container=OneHanded:0:14@163885161 flags=0x0}
                                                                                                       ChangeInfo{fed512c container=Task{a46750b #1 type=home} flags=0x0}
                                                                                                       ChangeInfo{e52e0e8 container=Task{bab0d90 #33672 type=standard A=10308:com.example.voicenavigation} flags=0x0}
                                                                                                       ChangeInfo{acf27f5 container=ActivityRecord{201666433 u0 com.miui.home/.launcher.Launcher t2} flags=0x0}
                                                                                                    ]
                                                                                                    })
2026-06-14 18:27:46.501  2984-3915  ActivityManagerWrapper  com.miui.home                        E  getRecentTasksForceIncludingTaskIdIfValid: getRecentTasks: size=8
                                                                                                     mainTaskId=33672   userId=0   windowMode=1   isExcludedFromRecents=false   baseIntent=Intent { act=android.intent.action.MAIN flag=270532608 cmp=ComponentInfo{com.example.voicenavigation/com.example.voicenavigation.MainActivity} }
                                                                                                     mainTaskId=33669   userId=0   windowMode=1   isExcludedFromRecents=false   baseIntent=Intent { act=null flag=469762048 cmp=ComponentInfo{com.tencent.mm/com.tencent.mm.ui.chatting.variants.ChattingMainUI} }
                                                                                                     mainTaskId=33630   userId=0   windowMode=1   isExcludedFromRecents=false   baseIntent=Intent { act=android.intent.action.MAIN flag=270532608 cmp=ComponentInfo{cn.kuwo.player/cn.kuwo.player.activities.EntryActivity} }
                                                                                                     mainTaskId=33667   userId=0   windowMode=1   isExcludedFromRecents=false   baseIntent=Intent { act=android.intent.action.MAIN flag=270532608 cmp=ComponentInfo{com.tencent.mobileqq/com.tencent.mobileqq.activity.SplashActivity} }
                                                                                                     mainTaskId=33662   userId=0   windowMode=1   isExcludedFromRecents=false   baseIntent=Intent { act=android.intent.action.MAIN flag=270532608 cmp=ComponentInfo{tv.danmaku.bili/tv.danmaku.bili.MainActivityV2} }
                                                                                                     mainTaskId=33651   userId=0   windowMode=1   isExcludedFromRecents=false   baseIntent=Intent { act=android.intent.action.MAIN flag=270532608 cmp=ComponentInfo{com.android.browser/com.android.browser.launch.SplashActivity} }
                                                                                                     mainTaskId=33650   userId=0   windowMode=1   isExcludedFromRecents=false   baseIntent=Intent { act=android.intent.action.MAIN flag=270532608 cmp=ComponentInfo{com.android.mms/com.android.mms.ui.MmsTabActivity} }
                                                                                                     mainTaskId=33609   userId=0   windowMode=1   isExcludedFromRecents=false   baseIntent=Intent { act=android.intent.action.MAIN flag=270532608 cmp=ComponentInfo{com.tencent.wework/com.tencent.wework.launch.LaunchSplashEduActivity} }
2026-06-14 18:27:46.529  2984-3915  ActivityManagerWrapper  com.miui.home                        E  getRecentTasksForceIncludingTaskIdIfValid: getRecentTasks: size=8
                                                                                                     mainTaskId=33672   userId=0   windowMode=1   isExcludedFromRecents=false   baseIntent=Intent { act=android.intent.action.MAIN flag=270532608 cmp=ComponentInfo{com.example.voicenavigation/com.example.voicenavigation.MainActivity} }
                                                                                                     mainTaskId=33669   userId=0   windowMode=1   isExcludedFromRecents=false   baseIntent=Intent { act=null flag=469762048 cmp=ComponentInfo{com.tencent.mm/com.tencent.mm.ui.chatting.variants.ChattingMainUI} }
                                                                                                     mainTaskId=33630   userId=0   windowMode=1   isExcludedFromRecents=false   baseIntent=Intent { act=android.intent.action.MAIN flag=270532608 cmp=ComponentInfo{cn.kuwo.player/cn.kuwo.player.activities.EntryActivity} }
                                                                                                     mainTaskId=33667   userId=0   windowMode=1   isExcludedFromRecents=false   baseIntent=Intent { act=android.intent.action.MAIN flag=270532608 cmp=ComponentInfo{com.tencent.mobileqq/com.tencent.mobileqq.activity.SplashActivity} }
                                                                                                     mainTaskId=33662   userId=0   windowMode=1   isExcludedFromRecents=false   baseIntent=Intent { act=android.intent.action.MAIN flag=270532608 cmp=ComponentInfo{tv.danmaku.bili/tv.danmaku.bili.MainActivityV2} }
                                                                                                     mainTaskId=33651   userId=0   windowMode=1   isExcludedFromRecents=false   baseIntent=Intent { act=android.intent.action.MAIN flag=270532608 cmp=ComponentInfo{com.android.browser/com.android.browser.launch.SplashActivity} }
                                                                                                     mainTaskId=33650   userId=0   windowMode=1   isExcludedFromRecents=false   baseIntent=Intent { act=android.intent.action.MAIN flag=270532608 cmp=ComponentInfo{com.android.mms/com.android.mms.ui.MmsTabActivity} }
                                                                                                     mainTaskId=33609   userId=0   windowMode=1   isExcludedFromRecents=false   baseIntent=Intent { act=android.intent.action.MAIN flag=270532608 cmp=ComponentInfo{com.tencent.wework/com.tencent.wework.launch.LaunchSplashEduActivity} }
---------------------------- PROCESS ENDED (5527) for package com.example.voicenavigation ----------------------------
2026-06-14 18:27:46.557  2090-3246  TransitionChain         system_server                        E  Mismatch between current collecting (TransitionRecord{9fa9964 id=13357 type=OPEN flags=0x0 c=[
                                                                                                       ChangeInfo{95db0fc container=ActivityRecord{29882317 u0 com.example.voicenavigation/.VisionTestActivity t-1 f}} flags=0x0}
                                                                                                       ChangeInfo{7b95385 container=Display{#0 state=ON size=1220x2712 ROTATION_0} flags=0x0}
                                                                                                       ChangeInfo{f3945da container=DefaultTaskDisplayArea@104208389 flags=0x0}
                                                                                                       ChangeInfo{f6810df container=Task{7a8f28b #2 type=home I=com.miui.home/.launcher.Launcher} flags=0x0}
                                                                                                       ChangeInfo{60f8be7 container=ActivityRecord{131393602 u0 com.example.voicenavigation/.MainActivity t33672 f} isExiting} flags=0x0}
                                                                                                       ChangeInfo{f475a0b container=OneHanded:0:14@163885161 flags=0x0}
                                                                                                       ChangeInfo{fed512c container=Task{a46750b #1 type=home} flags=0x0}
                                                                                                       ChangeInfo{e52e0e8 container=Task{bab0d90 #33672 type=standard A=10308:com.example.voicenavigation} flags=0x0}
                                                                                                       ChangeInfo{acf27f5 container=ActivityRecord{201666433 u0 com.miui.home/.launcher.Launcher t2} flags=0x0}
                                                                                                    ]
                                                                                                    }) and chain (TransitionRecord{9fa9964 id=13357 type=OPEN flags=0x0 c=[
                                                                                                       ChangeInfo{95db0fc container=ActivityRecord{29882317 u0 com.example.voicenavigation/.VisionTestActivity t-1 f}} flags=0x0}
                                                                                                       ChangeInfo{7b95385 container=Display{#0 state=ON size=1220x2712 ROTATION_0} flags=0x0}
                                                                                                       ChangeInfo{f3945da container=DefaultTaskDisplayArea@104208389 flags=0x0}
                                                                                                       ChangeInfo{f6810df container=Task{7a8f28b #2 type=home I=com.miui.home/.launcher.Launcher} flags=0x0}
                                                                                                       ChangeInfo{60f8be7 container=ActivityRecord{131393602 u0 com.example.voicenavigation/.MainActivity t33672 f} isExiting} flags=0x0}
                                                                                                       ChangeInfo{f475a0b container=OneHanded:0:14@163885161 flags=0x0}
                                                                                                       ChangeInfo{fed512c container=Task{a46750b #1 type=home} flags=0x0}
                                                                                                       ChangeInfo{e52e0e8 container=Task{bab0d90 #33672 type=standard A=10308:com.example.voicenavigation} flags=0x0}
                                                                                                       ChangeInfo{acf27f5 container=ActivityRecord{201666433 u0 com.miui.home/.launcher.Launcher t2} flags=0x0}
                                                                                                    ]
                                                                                                    })
2026-06-14 18:27:46.622  2090-2142  WindowManager           system_server                        E   source = Task{bab0d90 #33672 type=standard A=10308:com.example.voicenavigation} excludeMiuiNavBar = true excludeMiuiStatusBar = true excludeIme = false excludeNavBar = false miuiNavSurfaceControl = Surface(name=NavigationBar Container of Task = 33672#243061)/@0x74056b5 miuiStatusSurfaceControl = Surface(name=StatusBar Container of Task = 33672#243062)/@0xd8f61d8
2026-06-14 18:27:47.631  2984-3915  ActivityManagerWrapper  com.miui.home                        E  getRecentTasksForceIncludingTaskIdIfValid: getRecentTasks: size=8
                                                                                                     mainTaskId=33672   userId=0   windowMode=1   isExcludedFromRecents=false   baseIntent=Intent { act=android.intent.action.MAIN flag=270532608 cmp=ComponentInfo{com.example.voicenavigation/com.example.voicenavigation.MainActivity} }
                                                                                                     mainTaskId=33669   userId=0   windowMode=1   isExcludedFromRecents=false   baseIntent=Intent { act=null flag=469762048 cmp=ComponentInfo{com.tencent.mm/com.tencent.mm.ui.chatting.variants.ChattingMainUI} }
                                                                                                     mainTaskId=33630   userId=0   windowMode=1   isExcludedFromRecents=false   baseIntent=Intent { act=android.intent.action.MAIN flag=270532608 cmp=ComponentInfo{cn.kuwo.player/cn.kuwo.player.activities.EntryActivity} }
                                                                                                     mainTaskId=33667   userId=0   windowMode=1   isExcludedFromRecents=false   baseIntent=Intent { act=android.intent.action.MAIN flag=270532608 cmp=ComponentInfo{com.tencent.mobileqq/com.tencent.mobileqq.activity.SplashActivity} }
                                                                                                     mainTaskId=33662   userId=0   windowMode=1   isExcludedFromRecents=false   baseIntent=Intent { act=android.intent.action.MAIN flag=270532608 cmp=ComponentInfo{tv.danmaku.bili/tv.danmaku.bili.MainActivityV2} }
                                                                                                     mainTaskId=33651   userId=0   windowMode=1   isExcludedFromRecents=false   baseIntent=Intent { act=android.intent.action.MAIN flag=270532608 cmp=ComponentInfo{com.android.browser/com.android.browser.launch.SplashActivity} }
                                                                                                     mainTaskId=33650   userId=0   windowMode=1   isExcludedFromRecents=false   baseIntent=Intent { act=android.intent.action.MAIN flag=270532608 cmp=ComponentInfo{com.android.mms/com.android.mms.ui.MmsTabActivity} }
                                                                                                     mainTaskId=33609   userId=0   windowMode=1   isExcludedFromRecents=false   baseIntent=Intent { act=android.intent.action.MAIN flag=270532608 cmp=ComponentInfo{com.tencent.wework/com.tencent.wework.launch.LaunchSplashEduActivity} }
2026-06-14 18:28:23.086  2984-3915  ActivityManagerWrapper  com.miui.home                        E  getRecentTasksForceIncludingTaskIdIfValid: getRecentTasks: size=8
                                                                                                     mainTaskId=33672   userId=0   windowMode=1   isExcludedFromRecents=false   baseIntent=Intent { act=android.intent.action.MAIN flag=270532608 cmp=ComponentInfo{com.example.voicenavigation/com.example.voicenavigation.MainActivity} }
                                                                                                     mainTaskId=33669   userId=0   windowMode=1   isExcludedFromRecents=false   baseIntent=Intent { act=null flag=469762048 cmp=ComponentInfo{com.tencent.mm/com.tencent.mm.ui.chatting.variants.ChattingMainUI} }
                                                                                                     mainTaskId=33630   userId=0   windowMode=1   isExcludedFromRecents=false   baseIntent=Intent { act=android.intent.action.MAIN flag=270532608 cmp=ComponentInfo{cn.kuwo.player/cn.kuwo.player.activities.EntryActivity} }
                                                                                                     mainTaskId=33667   userId=0   windowMode=1   isExcludedFromRecents=false   baseIntent=Intent { act=android.intent.action.MAIN flag=270532608 cmp=ComponentInfo{com.tencent.mobileqq/com.tencent.mobileqq.activity.SplashActivity} }
                                                                                                     mainTaskId=33662   userId=0   windowMode=1   isExcludedFromRecents=false   baseIntent=Intent { act=android.intent.action.MAIN flag=270532608 cmp=ComponentInfo{tv.danmaku.bili/tv.danmaku.bili.MainActivityV2} }
                                                                                                     mainTaskId=33651   userId=0   windowMode=1   isExcludedFromRecents=false   baseIntent=Intent { act=android.intent.action.MAIN flag=270532608 cmp=ComponentInfo{com.android.browser/com.android.browser.launch.SplashActivity} }
                                                                                                     mainTaskId=33650   userId=0   windowMode=1   isExcludedFromRecents=false   baseIntent=Intent { act=android.intent.action.MAIN flag=270532608 cmp=ComponentInfo{com.android.mms/com.android.mms.ui.MmsTabActivity} }
                                                                                                     mainTaskId=33609   userId=0   windowMode=1   isExcludedFromRecents=false   baseIntent=Intent { act=android.intent.action.MAIN flag=270532608 cmp=ComponentInfo{com.tencent.wework/com.tencent.wework.launch.LaunchSplashEduActivity} }
2026-06-14 18:28:23.251  2984-3915  ActivityManagerWrapper  com.miui.home                        E  getRecentTasksForceIncludingTaskIdIfValid: getRecentTasks: size=8
                                                                                                     mainTaskId=33672   userId=0   windowMode=1   isExcludedFromRecents=false   baseIntent=Intent { act=android.intent.action.MAIN flag=270532608 cmp=ComponentInfo{com.example.voicenavigation/com.example.voicenavigation.MainActivity} }
                                                                                                     mainTaskId=33669   userId=0   windowMode=1   isExcludedFromRecents=false   baseIntent=Intent { act=null flag=469762048 cmp=ComponentInfo{com.tencent.mm/com.tencent.mm.ui.chatting.variants.ChattingMainUI} }
                                                                                                     mainTaskId=33630   userId=0   windowMode=1   isExcludedFromRecents=false   baseIntent=Intent { act=android.intent.action.MAIN flag=270532608 cmp=ComponentInfo{cn.kuwo.player/cn.kuwo.player.activities.EntryActivity} }
                                                                                                     mainTaskId=33667   userId=0   windowMode=1   isExcludedFromRecents=false   baseIntent=Intent { act=android.intent.action.MAIN flag=270532608 cmp=ComponentInfo{com.tencent.mobileqq/com.tencent.mobileqq.activity.SplashActivity} }
                                                                                                     mainTaskId=33662   userId=0   windowMode=1   isExcludedFromRecents=false   baseIntent=Intent { act=android.intent.action.MAIN flag=270532608 cmp=ComponentInfo{tv.danmaku.bili/tv.danmaku.bili.MainActivityV2} }
                                                                                                     mainTaskId=33651   userId=0   windowMode=1   isExcludedFromRecents=false   baseIntent=Intent { act=android.intent.action.MAIN flag=270532608 cmp=ComponentInfo{com.android.browser/com.android.browser.launch.SplashActivity} }
                                                                                                     mainTaskId=33650   userId=0   windowMode=1   isExcludedFromRecents=false   baseIntent=Intent { act=android.intent.action.MAIN flag=270532608 cmp=ComponentInfo{com.android.mms/com.android.mms.ui.MmsTabActivity} }
                                                                                                     mainTaskId=33609   userId=0   windowMode=1   isExcludedFromRecents=false   baseIntent=Intent { act=android.intent.action.MAIN flag=270532608 cmp=ComponentInfo{com.tencent.wework/com.tencent.wework.launch.LaunchSplashEduActivity} }
